// Jest Snapshot v1, https://goo.gl/fbAQLP

exports[`<AnimakitExpander /> should render 1`] = `
ShallowWrapper {
  "complexSelector": ComplexSelector {
    "buildPredicate": [Function],
    "childrenOfNode": [Function],
    "findWhereUnwrapped": [Function],
  },
  "length": 1,
  "node": <div
    style={Object {}}
>
    <div
        style={Object {}}
    >
        
    </div>
</div>,
  "nodes": Array [
    <div
      style={Object {}}
>
      <div
            style={Object {}}
      >
            
      </div>
</div>,
  ],
  "options": Object {},
  "renderer": ReactShallowRenderer {
    "_instance":  {
      "_calledComponentWillUnmount": false,
      "_compositeType": 0,
      "_context": Object {},
      "_currentElement": <AnimakitBase
        align="left"
        duration={500}
        durationPerPx={0}
        easing="ease-out"
        expanded={true}
        horizontal={false}
/>,
      "_debugID": 1,
      "_hostContainerInfo": null,
      "_hostParent": null,
      "_instance": AnimakitExpander {
        "_reactInternalInstance": [Circular],
        "animationResetTO": null,
        "canAnimate": false,
        "changingProps": Array [],
        "contentNode": null,
        "context": Object {},
        "listeners": Object {
          "checkResize": [Function],
        },
        "props": Object {
          "align": "left",
          "duration": 500,
          "durationPerPx": 0,
          "easing": "ease-out",
          "expanded": true,
          "horizontal": false,
        },
        "refs": Object {},
        "resizeCheckerRAF": null,
        "state": Object {
          "animation": false,
          "duration": 0,
          "expanded": false,
          "lastSize": 0,
          "prepare": false,
          "size": 0,
        },
        "updater": Object {
          "enqueueCallback": [Function],
          "enqueueCallbackInternal": [Function],
          "enqueueElementInternal": [Function],
          "enqueueForceUpdate": [Function],
          "enqueueReplaceState": [Function],
          "enqueueSetState": [Function],
          "isMounted": [Function],
          "validateCallback": [Function],
        },
        "useWinResize": false,
      },
      "_mountOrder": 1,
      "_pendingCallbacks": null,
      "_pendingElement": null,
      "_pendingForceUpdate": false,
      "_pendingReplaceState": false,
      "_pendingStateQueue": null,
      "_renderedComponent": NoopInternalComponent {
        "_currentElement": <div
          style={Object {}}
>
          <div
                    style={Object {}}
          >
                    
          </div>
</div>,
        "_debugID": 2,
        "_renderedOutput": <div
          style={Object {}}
>
          <div
                    style={Object {}}
          >
                    
          </div>
</div>,
      },
      "_renderedNodeType": 0,
      "_rootNodeID": 0,
      "_topLevelWrapper": null,
      "_updateBatchNumber": null,
      "_warnedAboutRefsInRender": false,
    },
    "getRenderOutput": [Function],
    "render": [Function],
  },
  "root": [Circular],
  "unrendered": <AnimakitBase
    align="left"
    duration={500}
    durationPerPx={0}
    easing="ease-out"
    expanded={true}
    horizontal={false}
/>,
}
`;
